m  q:  1
m  q:  2
m  q:  3
          spawn f at (1) 1
          spawn g at (2) 2
f  q:  1
g  q:  1
m  q:  4
f  q:  2
g  q:  2
m  q:  5
f  q:  3
g  q:  3
m  q:  6
m  q:  7
m  q:  8
m  q:  9
f  q:  4
m  q:  10
g  q:  4
f  q:  5
m  q:  11
g  q:  5
f  q:  6
m  q:  12
g  q:  6
f  q:  7
m  q:  13
g  q:  7
f  q:  8
          **f end**
m  q:  14
g  q:  8
m  q:  15
g  q:  9
m  q:  16
g  q:  10
m  q:  17
g  q:  11
          **g end**
m  q:  18
m  q:  19
m  q:  20
          ******end******
total quantums:  39
